// Jest Snapshot v1, https://goo.gl/fbAQLP

exports[`Input field should match snapshot successfully 1`] = `
<body>
  <div>
    <input
      class="input__StyledInput-sc-1rotb0l-0 HWiIs"
      placeholder="lÃ¶senord"
      required=""
      type="password"
    />
  </div>
</body>
`;
